Configuration on demand is an incubating feature.
Type-safe project accessors is an incubating feature.
> Task :buildSrc:checkKotlinGradlePluginConfigurationErrors SKIPPED
> Task :buildSrc:generateExternalPluginSpecBuilders UP-TO-DATE
> Task :buildSrc:extractPrecompiledScriptPluginPlugins UP-TO-DATE
> Task :buildSrc:compilePluginsBlocks UP-TO-DATE
> Task :buildSrc:generatePrecompiledScriptPluginAccessors UP-TO-DATE
> Task :buildSrc:generateScriptPluginAdapters UP-TO-DATE
> Task :buildSrc:compileKotlin UP-TO-DATE
> Task :buildSrc:compileJava NO-SOURCE
> Task :buildSrc:compileGroovy NO-SOURCE
> Task :buildSrc:pluginDescriptors UP-TO-DATE
> Task :buildSrc:processResources UP-TO-DATE
> Task :buildSrc:classes UP-TO-DATE
> Task :buildSrc:jar UP-TO-DATE

> Configure project :app
w: The `kotlin.mpp.androidGradlePluginCompatibility.nowarn` deprecated property is used in your build.
Please, stop using it as it is unsupported and may apply no effect to your build.


> Task :core:archive:preBuild UP-TO-DATE
> Task :data:preBuild UP-TO-DATE
> Task :core:archive:preDebugBuild UP-TO-DATE
> Task :source-local:preBuild UP-TO-DATE
> Task :source-api:preBuild UP-TO-DATE
> Task :core:common:preBuild UP-TO-DATE
> Task :source-api:preDebugBuild UP-TO-DATE
> Task :presentation-widget:preBuild UP-TO-DATE
> Task :i18n:generateLocalesConfig UP-TO-DATE
> Task :domain:preBuild UP-TO-DATE
> Task :presentation-core:preBuild UP-TO-DATE
> Task :presentation-core:preDebugBuild UP-TO-DATE
> Task :core-metadata:preBuild UP-TO-DATE
> Task :source-local:preDebugBuild UP-TO-DATE
> Task :core:common:preDebugBuild UP-TO-DATE
> Task :source-local:generateDebugResValues UP-TO-DATE
> Task :source-api:generateDebugResValues UP-TO-DATE
> Task :domain:preDebugBuild UP-TO-DATE
> Task :core:archive:generateDebugResValues UP-TO-DATE
> Task :presentation-widget:preDebugBuild UP-TO-DATE
> Task :presentation-core:generateDebugResValues UP-TO-DATE
> Task :core-metadata:preDebugBuild UP-TO-DATE
> Task :data:preDebugBuild UP-TO-DATE
> Task :core:common:generateDebugResValues UP-TO-DATE
> Task :core:archive:generateDebugResources UP-TO-DATE
> Task :source-local:generateDebugResources UP-TO-DATE
> Task :i18n-at:generateMRcommonMain UP-TO-DATE
> Task :source-api:generateDebugResources UP-TO-DATE
> Task :core:common:generateDebugResources UP-TO-DATE
> Task :i18n-at:generateMRandroidDebug SKIPPED
> Task :domain:generateDebugResValues UP-TO-DATE
> Task :presentation-widget:generateDebugResValues UP-TO-DATE
> Task :core-metadata:generateDebugResValues UP-TO-DATE
> Task :data:generateDebugResValues UP-TO-DATE
> Task :presentation-core:generateDebugResources UP-TO-DATE
> Task :data:generateDebugResources UP-TO-DATE
> Task :i18n:generateMRcommonMain UP-TO-DATE
> Task :core-metadata:generateDebugResources UP-TO-DATE
> Task :domain:generateDebugResources UP-TO-DATE
> Task :presentation-widget:generateDebugResources UP-TO-DATE
> Task :i18n:generateMRandroidDebug SKIPPED
> Task :i18n-at:generateMRandroidInstrumentedTest UP-TO-DATE
> Task :source-local:packageDebugResources UP-TO-DATE
> Task :core:archive:packageDebugResources UP-TO-DATE
> Task :i18n-at:generateMRandroidInstrumentedTestDebug SKIPPED
> Task :core:common:packageDebugResources UP-TO-DATE
> Task :source-api:packageDebugResources UP-TO-DATE
> Task :presentation-core:packageDebugResources UP-TO-DATE
> Task :data:packageDebugResources UP-TO-DATE
> Task :domain:packageDebugResources UP-TO-DATE
> Task :core-metadata:packageDebugResources UP-TO-DATE
> Task :app:preBuild UP-TO-DATE
> Task :i18n:generateMRandroidInstrumentedTest UP-TO-DATE
> Task :app:preDevDebugBuild UP-TO-DATE
> Task :presentation-widget:packageDebugResources UP-TO-DATE
> Task :i18n:generateMRandroidInstrumentedTestDebug SKIPPED
> Task :app:mergeDevDebugNativeDebugMetadata NO-SOURCE
> Task :app:checkKotlinGradlePluginConfigurationErrors SKIPPED
> Task :i18n-at:generateMRandroidMain UP-TO-DATE
> Task :i18n:generateMRandroidMain UP-TO-DATE
> Task :i18n:generateMRandroidRelease SKIPPED
> Task :i18n-at:generateMRandroidRelease SKIPPED
> Task :i18n:generateMRcommonTest UP-TO-DATE
> Task :i18n-at:generateMRcommonTest UP-TO-DATE
> Task :i18n:generateMRandroidUnitTest UP-TO-DATE
> Task :i18n-at:generateMRandroidUnitTest UP-TO-DATE
> Task :i18n-at:generateMRandroidUnitTestDebug SKIPPED
> Task :core:common:writeDebugAarMetadata UP-TO-DATE
> Task :i18n-at:generateMRandroidUnitTestRelease SKIPPED
> Task :i18n:generateMRandroidUnitTestDebug SKIPPED
> Task :i18n-at:preBuild UP-TO-DATE
> Task :i18n:generateMRandroidUnitTestRelease SKIPPED
> Task :i18n-at:preDebugBuild UP-TO-DATE
> Task :i18n:preBuild UP-TO-DATE
> Task :i18n:preDebugBuild UP-TO-DATE
> Task :i18n-at:generateDebugResValues UP-TO-DATE
> Task :core:common:extractDeepLinksDebug UP-TO-DATE
> Task :i18n:generateDebugResValues UP-TO-DATE
> Task :i18n-at:generateDebugResources UP-TO-DATE
> Task :presentation-widget:writeDebugAarMetadata UP-TO-DATE
> Task :core:common:processDebugManifest UP-TO-DATE
> Task :i18n:generateDebugResources UP-TO-DATE
> Task :presentation-widget:extractDeepLinksDebug UP-TO-DATE
> Task :data:writeDebugAarMetadata UP-TO-DATE
> Task :presentation-core:writeDebugAarMetadata UP-TO-DATE
> Task :data:extractDeepLinksDebug UP-TO-DATE
> Task :presentation-widget:processDebugManifest UP-TO-DATE
> Task :i18n-at:packageDebugResources UP-TO-DATE
> Task :presentation-core:extractDeepLinksDebug UP-TO-DATE
> Task :presentation-widget:compileDebugLibraryResources UP-TO-DATE
> Task :source-api:writeDebugAarMetadata UP-TO-DATE
> Task :data:processDebugManifest UP-TO-DATE
> Task :data:compileDebugLibraryResources UP-TO-DATE
> Task :i18n:packageDebugResources UP-TO-DATE
> Task :presentation-core:processDebugManifest UP-TO-DATE
> Task :source-local:writeDebugAarMetadata UP-TO-DATE
> Task :core-metadata:writeDebugAarMetadata UP-TO-DATE
> Task :source-api:extractDeepLinksDebug UP-TO-DATE
> Task :core:archive:writeDebugAarMetadata UP-TO-DATE
> Task :source-local:extractDeepLinksDebug UP-TO-DATE
> Task :presentation-core:compileDebugLibraryResources UP-TO-DATE
> Task :core-metadata:extractDeepLinksDebug UP-TO-DATE
> Task :core:archive:extractDeepLinksDebug UP-TO-DATE
> Task :source-api:processDebugManifest UP-TO-DATE
> Task :core-metadata:processDebugManifest UP-TO-DATE
> Task :presentation-widget:parseDebugLocalResources UP-TO-DATE
> Task :presentation-widget:checkKotlinGradlePluginConfigurationErrors SKIPPED
> Task :core:archive:processDebugManifest UP-TO-DATE
> Task :core:common:parseDebugLocalResources UP-TO-DATE
> Task :source-local:processDebugManifest UP-TO-DATE
> Task :domain:writeDebugAarMetadata UP-TO-DATE
> Task :core-metadata:compileDebugLibraryResources UP-TO-DATE
> Task :presentation-widget:javaPreCompileDebug UP-TO-DATE
> Task :core:common:compileDebugLibraryResources UP-TO-DATE
> Task :domain:extractDeepLinksDebug UP-TO-DATE
> Task :source-local:compileDebugLibraryResources UP-TO-DATE
> Task :core:common:checkKotlinGradlePluginConfigurationErrors SKIPPED
> Task :presentation-widget:mergeDebugShaders UP-TO-DATE
> Task :domain:processDebugManifest UP-TO-DATE
> Task :i18n:writeDebugAarMetadata UP-TO-DATE
> Task :core:common:javaPreCompileDebug UP-TO-DATE
> Task :presentation-widget:compileDebugShaders NO-SOURCE
> Task :presentation-widget:generateDebugAssets UP-TO-DATE
> Task :i18n-at:writeDebugAarMetadata UP-TO-DATE
> Task :i18n:extractDeepLinksDebug UP-TO-DATE
> Task :core:common:mergeDebugShaders UP-TO-DATE
> Task :presentation-widget:packageDebugAssets UP-TO-DATE
> Task :core:archive:parseDebugLocalResources UP-TO-DATE
> Task :data:parseDebugLocalResources UP-TO-DATE
> Task :i18n:processDebugManifest UP-TO-DATE
> Task :presentation-widget:mergeDebugJniLibFolders UP-TO-DATE
> Task :i18n-at:extractDeepLinksDebug UP-TO-DATE
> Task :core:common:compileDebugShaders NO-SOURCE
> Task :core:common:generateDebugAssets UP-TO-DATE
> Task :data:checkKotlinGradlePluginConfigurationErrors SKIPPED
> Task :core-metadata:parseDebugLocalResources UP-TO-DATE
> Task :core-metadata:checkKotlinGradlePluginConfigurationErrors SKIPPED
> Task :presentation-widget:mergeDebugNativeLibs NO-SOURCE
> Task :core-metadata:javaPreCompileDebug UP-TO-DATE
> Task :i18n-at:processDebugManifest UP-TO-DATE
> Task :core:common:packageDebugAssets UP-TO-DATE
> Task :domain:parseDebugLocalResources UP-TO-DATE
> Task :presentation-core:parseDebugLocalResources UP-TO-DATE
> Task :presentation-widget:copyDebugJniLibsProjectOnly UP-TO-DATE
> Task :source-local:parseDebugLocalResources UP-TO-DATE
> Task :i18n-at:compileDebugLibraryResources UP-TO-DATE
> Task :core-metadata:mergeDebugShaders UP-TO-DATE
> Task :core:common:mergeDebugJniLibFolders UP-TO-DATE
> Task :source-api:parseDebugLocalResources UP-TO-DATE
> Task :core:common:mergeDebugNativeLibs NO-SOURCE
> Task :presentation-core:checkKotlinGradlePluginConfigurationErrors SKIPPED
> Task :source-local:checkKotlinGradlePluginConfigurationErrors SKIPPED
> Task :core-metadata:compileDebugShaders NO-SOURCE
> Task :domain:compileDebugLibraryResources UP-TO-DATE
> Task :i18n:parseDebugLocalResources UP-TO-DATE
> Task :core:common:copyDebugJniLibsProjectOnly UP-TO-DATE
> Task :core-metadata:generateDebugAssets UP-TO-DATE
> Task :domain:checkKotlinGradlePluginConfigurationErrors SKIPPED
> Task :source-api:compileDebugLibraryResources UP-TO-DATE
> Task :source-api:checkKotlinGradlePluginConfigurationErrors SKIPPED
> Task :presentation-core:javaPreCompileDebug UP-TO-DATE
> Task :source-local:javaPreCompileDebug UP-TO-DATE
> Task :domain:javaPreCompileDebug UP-TO-DATE
> Task :core-metadata:packageDebugAssets UP-TO-DATE
> Task :i18n-at:parseDebugLocalResources UP-TO-DATE
> Task :presentation-core:mergeDebugShaders UP-TO-DATE
> Task :source-api:javaPreCompileDebug UP-TO-DATE
> Task :source-local:mergeDebugShaders UP-TO-DATE
> Task :source-local:compileDebugShaders NO-SOURCE
> Task :presentation-core:compileDebugShaders NO-SOURCE
> Task :presentation-core:generateDebugAssets UP-TO-DATE
> Task :core-metadata:mergeDebugJniLibFolders UP-TO-DATE
> Task :source-api:mergeDebugShaders UP-TO-DATE
> Task :domain:mergeDebugShaders UP-TO-DATE
> Task :source-api:compileDebugShaders NO-SOURCE
> Task :core-metadata:mergeDebugNativeLibs NO-SOURCE
> Task :source-local:debugAssetsCopyForAGP NO-SOURCE
> Task :source-api:debugAssetsCopyForAGP NO-SOURCE
> Task :source-api:generateDebugAssets UP-TO-DATE
> Task :core-metadata:copyDebugJniLibsProjectOnly UP-TO-DATE
> Task :source-local:generateDebugAssets UP-TO-DATE
> Task :presentation-core:packageDebugAssets UP-TO-DATE
> Task :domain:compileDebugShaders NO-SOURCE
> Task :source-local:packageDebugAssets UP-TO-DATE
> Task :domain:generateDebugAssets UP-TO-DATE
> Task :source-api:packageDebugAssets UP-TO-DATE
> Task :source-local:mergeDebugJniLibFolders UP-TO-DATE
> Task :domain:packageDebugAssets UP-TO-DATE
> Task :presentation-core:mergeDebugJniLibFolders UP-TO-DATE
> Task :domain:mergeDebugJniLibFolders UP-TO-DATE
> Task :presentation-core:mergeDebugNativeLibs NO-SOURCE
> Task :source-api:mergeDebugJniLibFolders UP-TO-DATE
> Task :source-local:mergeDebugNativeLibs NO-SOURCE
> Task :presentation-core:copyDebugJniLibsProjectOnly UP-TO-DATE
> Task :domain:mergeDebugNativeLibs NO-SOURCE
> Task :source-local:copyDebugJniLibsProjectOnly UP-TO-DATE
> Task :domain:copyDebugJniLibsProjectOnly UP-TO-DATE
> Task :source-api:mergeDebugNativeLibs NO-SOURCE
> Task :source-api:copyDebugJniLibsProjectOnly UP-TO-DATE
> Task :core:archive:generateDebugRFile UP-TO-DATE
> Task :core:archive:compileDebugLibraryResources UP-TO-DATE
> Task :core:archive:checkKotlinGradlePluginConfigurationErrors SKIPPED
> Task :i18n:generateDebugRFile UP-TO-DATE
> Task :i18n-at:generateDebugRFile UP-TO-DATE
> Task :i18n-at:checkKotlinGradlePluginConfigurationErrors SKIPPED
> Task :i18n:compileDebugLibraryResources UP-TO-DATE
> Task :data:generateDebugDatabaseInterface UP-TO-DATE
> Task :i18n:checkKotlinGradlePluginConfigurationErrors SKIPPED
> Task :data:javaPreCompileDebug UP-TO-DATE
> Task :data:mergeDebugShaders UP-TO-DATE
> Task :data:compileDebugShaders NO-SOURCE
> Task :data:generateDebugAssets UP-TO-DATE
> Task :data:packageDebugAssets UP-TO-DATE
> Task :data:mergeDebugJniLibFolders UP-TO-DATE
> Task :data:mergeDebugNativeLibs NO-SOURCE
> Task :data:copyDebugJniLibsProjectOnly UP-TO-DATE
> Task :core:archive:compileDebugKotlin UP-TO-DATE
> Task :core:archive:javaPreCompileDebug UP-TO-DATE
> Task :core:archive:compileDebugJavaWithJavac NO-SOURCE
> Task :core:archive:bundleLibCompileToJarDebug UP-TO-DATE
> Task :i18n:compileDebugKotlinAndroid UP-TO-DATE
> Task :core:archive:mergeDebugShaders UP-TO-DATE
> Task :i18n-at:compileDebugKotlinAndroid UP-TO-DATE
> Task :i18n:javaPreCompileDebug UP-TO-DATE
> Task :core:archive:compileDebugShaders NO-SOURCE
> Task :core:archive:generateDebugAssets UP-TO-DATE
> Task :i18n-at:javaPreCompileDebug UP-TO-DATE
> Task :i18n:compileDebugJavaWithJavac NO-SOURCE
> Task :core:archive:packageDebugAssets UP-TO-DATE
> Task :i18n-at:compileDebugJavaWithJavac NO-SOURCE
> Task :i18n:bundleLibCompileToJarDebug UP-TO-DATE
> Task :core:archive:bundleLibRuntimeToJarDebug UP-TO-DATE
> Task :i18n:mergeDebugShaders UP-TO-DATE
> Task :i18n-at:bundleLibCompileToJarDebug UP-TO-DATE
> Task :i18n:compileDebugShaders NO-SOURCE
> Task :i18n-at:mergeDebugShaders UP-TO-DATE
> Task :core:archive:processDebugJavaRes UP-TO-DATE
> Task :i18n-at:compileDebugShaders NO-SOURCE
> Task :i18n:debugAssetsCopyForAGP NO-SOURCE
> Task :i18n:generateDebugAssets UP-TO-DATE
> Task :i18n-at:debugAssetsCopyForAGP NO-SOURCE
> Task :i18n-at:generateDebugAssets UP-TO-DATE
> Task :core:archive:bundleLibRuntimeToDirDebug UP-TO-DATE
> Task :i18n:packageDebugAssets UP-TO-DATE
> Task :i18n-at:packageDebugAssets UP-TO-DATE
> Task :core:archive:mergeDebugJniLibFolders UP-TO-DATE
> Task :i18n:bundleLibRuntimeToJarDebug UP-TO-DATE
> Task :core:archive:mergeDebugNativeLibs NO-SOURCE
> Task :core:archive:copyDebugJniLibsProjectOnly UP-TO-DATE
> Task :i18n-at:bundleLibRuntimeToJarDebug UP-TO-DATE
> Task :i18n:processDebugJavaRes UP-TO-DATE
> Task :i18n:bundleLibRuntimeToDirDebug UP-TO-DATE
> Task :i18n-at:processDebugJavaRes UP-TO-DATE
> Task :i18n:mergeDebugJniLibFolders UP-TO-DATE
> Task :i18n-at:bundleLibRuntimeToDirDebug UP-TO-DATE
> Task :i18n:mergeDebugNativeLibs NO-SOURCE
> Task :i18n:copyDebugJniLibsProjectOnly UP-TO-DATE
> Task :i18n-at:mergeDebugJniLibFolders UP-TO-DATE
> Task :i18n-at:mergeDebugNativeLibs NO-SOURCE
> Task :i18n-at:copyDebugJniLibsProjectOnly UP-TO-DATE
> Task :core:common:generateDebugRFile UP-TO-DATE
> Task :core:common:compileDebugKotlin UP-TO-DATE
> Task :core:common:compileDebugJavaWithJavac NO-SOURCE
> Task :core:common:bundleLibCompileToJarDebug UP-TO-DATE
> Task :core:common:bundleLibRuntimeToJarDebug UP-TO-DATE
> Task :core:common:processDebugJavaRes UP-TO-DATE
> Task :core:common:bundleLibRuntimeToDirDebug UP-TO-DATE
> Task :source-api:generateDebugRFile UP-TO-DATE
> Task :core-metadata:generateDebugRFile UP-TO-DATE
> Task :source-api:compileDebugKotlinAndroid UP-TO-DATE
> Task :source-api:compileDebugJavaWithJavac NO-SOURCE
> Task :source-api:bundleLibCompileToJarDebug UP-TO-DATE
> Task :source-api:bundleLibRuntimeToJarDebug UP-TO-DATE
> Task :source-api:processDebugJavaRes UP-TO-DATE
> Task :source-api:bundleLibRuntimeToDirDebug UP-TO-DATE
> Task :domain:generateDebugRFile UP-TO-DATE
> Task :source-local:generateDebugRFile UP-TO-DATE
> Task :core-metadata:compileDebugKotlin UP-TO-DATE
> Task :core-metadata:compileDebugJavaWithJavac NO-SOURCE
> Task :data:generateDebugRFile UP-TO-DATE
> Task :core-metadata:bundleLibCompileToJarDebug UP-TO-DATE
> Task :core-metadata:bundleLibRuntimeToJarDebug UP-TO-DATE
> Task :core-metadata:processDebugJavaRes UP-TO-DATE
> Task :core-metadata:bundleLibRuntimeToDirDebug UP-TO-DATE
> Task :domain:compileDebugKotlin UP-TO-DATE
> Task :domain:compileDebugJavaWithJavac NO-SOURCE
> Task :domain:bundleLibCompileToJarDebug UP-TO-DATE
> Task :domain:bundleLibRuntimeToJarDebug UP-TO-DATE
> Task :domain:processDebugJavaRes UP-TO-DATE
> Task :domain:bundleLibRuntimeToDirDebug UP-TO-DATE
> Task :source-local:compileDebugKotlinAndroid UP-TO-DATE
> Task :data:compileDebugKotlin UP-TO-DATE
> Task :source-local:compileDebugJavaWithJavac NO-SOURCE
> Task :data:compileDebugJavaWithJavac NO-SOURCE
> Task :source-local:bundleLibCompileToJarDebug UP-TO-DATE
> Task :data:bundleLibCompileToJarDebug UP-TO-DATE
> Task :source-local:bundleLibRuntimeToJarDebug UP-TO-DATE
> Task :data:bundleLibRuntimeToJarDebug UP-TO-DATE
> Task :data:processDebugJavaRes UP-TO-DATE
> Task :data:bundleLibRuntimeToDirDebug UP-TO-DATE
> Task :source-local:processDebugJavaRes UP-TO-DATE
> Task :source-local:bundleLibRuntimeToDirDebug UP-TO-DATE
> Task :presentation-core:generateDebugRFile UP-TO-DATE
> Task :presentation-core:compileDebugKotlin UP-TO-DATE
> Task :presentation-core:compileDebugJavaWithJavac NO-SOURCE
> Task :presentation-core:bundleLibCompileToJarDebug UP-TO-DATE
> Task :presentation-core:bundleLibRuntimeToJarDebug UP-TO-DATE
> Task :presentation-core:processDebugJavaRes UP-TO-DATE
> Task :presentation-core:bundleLibRuntimeToDirDebug UP-TO-DATE
> Task :app:dataBindingMergeDependencyArtifactsDevDebug UP-TO-DATE
> Task :app:generateDevDebugResValues UP-TO-DATE
> Task :app:generateDevDebugResources UP-TO-DATE
> Task :app:prepareDevDebugShortcutXML UP-TO-DATE
> Task :app:collectDependencies UP-TO-DATE
> Task :presentation-widget:generateDebugRFile UP-TO-DATE
> Task :app:prepareLibraryDefinitionsDevDebug UP-TO-DATE
> Task :app:mergeDevDebugResources UP-TO-DATE
> Task :app:dataBindingGenBaseClassesDevDebug UP-TO-DATE
> Task :presentation-widget:compileDebugKotlin UP-TO-DATE
> Task :presentation-widget:compileDebugJavaWithJavac NO-SOURCE
> Task :app:generateDevDebugBuildConfig
> Task :presentation-widget:bundleLibCompileToJarDebug UP-TO-DATE
> Task :presentation-widget:bundleLibRuntimeToJarDebug UP-TO-DATE
> Task :presentation-widget:processDebugJavaRes UP-TO-DATE
> Task :presentation-widget:bundleLibRuntimeToDirDebug UP-TO-DATE
> Task :app:checkDevDebugAarMetadata UP-TO-DATE
> Task :app:mapDevDebugSourceSetPaths UP-TO-DATE
> Task :app:createDevDebugCompatibleScreenManifests UP-TO-DATE
> Task :app:extractDeepLinksDevDebug UP-TO-DATE
> Task :app:processDevDebugMainManifest UP-TO-DATE
> Task :app:processDevDebugManifest UP-TO-DATE
> Task :app:processDevDebugManifestForPackage UP-TO-DATE
> Task :app:processDevDebugResources UP-TO-DATE
> Task :app:javaPreCompileDevDebug UP-TO-DATE
> Task :app:generateDevDebugAssets UP-TO-DATE
> Task :app:mergeDevDebugAssets UP-TO-DATE
> Task :app:compressDevDebugAssets UP-TO-DATE
> Task :app:l8DexDesugarLibDevDebug UP-TO-DATE
> Task :app:desugarDevDebugFileDependencies UP-TO-DATE
> Task :app:checkDevDebugDuplicateClasses UP-TO-DATE
> Task :app:mergeExtDexDevDebug UP-TO-DATE
> Task :app:mergeLibDexDevDebug UP-TO-DATE
> Task :app:mergeDevDebugJniLibFolders UP-TO-DATE
> Task :app:mergeDevDebugNativeLibs UP-TO-DATE
> Task :app:stripDevDebugDebugSymbols UP-TO-DATE
> Task :app:validateSigningDevDebug UP-TO-DATE
> Task :app:writeDevDebugAppMetadata UP-TO-DATE
> Task :app:writeDevDebugSigningConfigVersions UP-TO-DATE
> Task :app:preStandardDebugBuild UP-TO-DATE
> Task :app:mergeStandardDebugNativeDebugMetadata NO-SOURCE
> Task :app:dataBindingMergeDependencyArtifactsStandardDebug UP-TO-DATE
> Task :app:generateStandardDebugResValues UP-TO-DATE
> Task :app:generateStandardDebugResources UP-TO-DATE
> Task :app:prepareLibraryDefinitionsStandardDebug UP-TO-DATE
> Task :app:prepareStandardDebugShortcutXML UP-TO-DATE
> Task :app:mergeStandardDebugResources UP-TO-DATE
> Task :app:dataBindingGenBaseClassesStandardDebug UP-TO-DATE
> Task :app:generateStandardDebugBuildConfig
> Task :app:checkStandardDebugAarMetadata UP-TO-DATE
> Task :app:mapStandardDebugSourceSetPaths UP-TO-DATE
> Task :app:createStandardDebugCompatibleScreenManifests UP-TO-DATE
> Task :app:extractDeepLinksStandardDebug UP-TO-DATE
> Task :app:processStandardDebugMainManifest UP-TO-DATE
> Task :app:processStandardDebugManifest UP-TO-DATE
> Task :app:processStandardDebugManifestForPackage UP-TO-DATE
> Task :app:processStandardDebugResources UP-TO-DATE
> Task :app:javaPreCompileStandardDebug UP-TO-DATE
> Task :app:generateStandardDebugAssets UP-TO-DATE
> Task :app:mergeStandardDebugAssets UP-TO-DATE
> Task :app:compressStandardDebugAssets UP-TO-DATE
> Task :app:l8DexDesugarLibStandardDebug UP-TO-DATE
> Task :app:checkStandardDebugDuplicateClasses UP-TO-DATE
> Task :app:desugarStandardDebugFileDependencies UP-TO-DATE
> Task :app:mergeExtDexStandardDebug UP-TO-DATE
> Task :app:mergeLibDexStandardDebug UP-TO-DATE
> Task :app:mergeStandardDebugJniLibFolders UP-TO-DATE
> Task :app:mergeStandardDebugNativeLibs UP-TO-DATE
> Task :app:stripStandardDebugDebugSymbols UP-TO-DATE
> Task :app:validateSigningStandardDebug UP-TO-DATE
> Task :app:writeStandardDebugAppMetadata UP-TO-DATE
> Task :app:writeStandardDebugSigningConfigVersions UP-TO-DATE
> Task :app:compileDevDebugKotlin
> Task :app:compileStandardDebugKotlin
w: file:///D:/TachiyomiAT-1.16.8-dev/TachiyomiAT-1.16.8-dev/app/src/main/java/eu/kanade/presentation/util/ExceptionFormatter.kt:12:1 Experimental context receivers are deprecated and will be superseded by context parameters. Please don't use context receivers. You can either pass parameters explicitly or use members with extensions.

See new context parameters proposal: https://github.com/Kotlin/KEEP/blob/context-parameters/proposals/context-parameters.md. During the transition period, neither context receivers nor context parameters will be supported. This warning will become an error in future releases.
w: file:///D:/TachiyomiAT-1.16.8-dev/TachiyomiAT-1.16.8-dev/app/src/main/java/eu/kanade/presentation/util/FastScrollAnimateItem.kt:7:1 Experimental context receivers are deprecated and will be superseded by context parameters. Please don't use context receivers. You can either pass parameters explicitly or use members with extensions.

See new context parameters proposal: https://github.com/Kotlin/KEEP/blob/context-parameters/proposals/context-parameters.md. During the transition period, neither context receivers nor context parameters will be supported. This warning will become an error in future releases.
w: file:///D:/TachiyomiAT-1.16.8-dev/TachiyomiAT-1.16.8-dev/app/src/main/java/eu/kanade/tachiyomi/data/download/DownloadManager.kt:253:9 This is a delicate API and its use requires care. Make sure you fully read and understand documentation of the declaration that is marked as a delicate API.
w: file:///D:/TachiyomiAT-1.16.8-dev/TachiyomiAT-1.16.8-dev/app/src/main/java/eu/kanade/tachiyomi/data/download/DownloadManager.kt:280:9 This is a delicate API and its use requires care. Make sure you fully read and understand documentation of the declaration that is marked as a delicate API.
w: file:///D:/TachiyomiAT-1.16.8-dev/TachiyomiAT-1.16.8-dev/app/src/main/java/eu/kanade/tachiyomi/data/download/Downloader.kt:114:9 This is a delicate API and its use requires care. Make sure you fully read and understand documentation of the declaration that is marked as a delicate API.
w: file:///D:/TachiyomiAT-1.16.8-dev/TachiyomiAT-1.16.8-dev/app/src/main/java/eu/kanade/tachiyomi/data/library/LibraryUpdateNotifier.kt:212:13 This is a delicate API and its use requires care. Make sure you fully read and understand documentation of the declaration that is marked as a delicate API.
w: file:///D:/TachiyomiAT-1.16.8-dev/TachiyomiAT-1.16.8-dev/app/src/main/java/eu/kanade/tachiyomi/data/notification/NotificationReceiver.kt:200:9 This is a delicate API and its use requires care. Make sure you fully read and understand documentation of the declaration that is marked as a delicate API.
w: file:///D:/TachiyomiAT-1.16.8-dev/TachiyomiAT-1.16.8-dev/app/src/main/java/eu/kanade/tachiyomi/data/notification/NotificationReceiver.kt:226:9 This is a delicate API and its use requires care. Make sure you fully read and understand documentation of the declaration that is marked as a delicate API.
w: file:///D:/TachiyomiAT-1.16.8-dev/TachiyomiAT-1.16.8-dev/app/src/main/java/eu/kanade/tachiyomi/extension/util/ExtensionInstallActivity.kt:28:43 'static field ACTION_INSTALL_PACKAGE: String' is deprecated. Deprecated in Java.
w: file:///D:/TachiyomiAT-1.16.8-dev/TachiyomiAT-1.16.8-dev/app/src/main/java/eu/kanade/tachiyomi/ui/reader/ReaderActivity.kt:602:16 'var statusBarColor: Int' is deprecated. Deprecated in Java.
w: file:///D:/TachiyomiAT-1.16.8-dev/TachiyomiAT-1.16.8-dev/app/src/main/java/eu/kanade/tachiyomi/ui/reader/ReaderActivity.kt:604:20 'var navigationBarColor: Int' is deprecated. Deprecated in Java.
w: file:///D:/TachiyomiAT-1.16.8-dev/TachiyomiAT-1.16.8-dev/app/src/main/java/eu/kanade/tachiyomi/ui/reader/loader/HttpPageLoader.kt:134:13 This is a delicate API and its use requires care. Make sure you fully read and understand documentation of the declaration that is marked as a delicate API.
w: file:///D:/TachiyomiAT-1.16.8-dev/TachiyomiAT-1.16.8-dev/app/src/main/java/eu/kanade/tachiyomi/util/view/EditTextPreferenceExtensions.kt:8:24 This extension is shadowed by a member: 'fun getOnBindEditTextListener(): EditTextPreference.OnBindEditTextListener?' defined in 'androidx/preference/EditTextPreference'.
w: file:///D:/TachiyomiAT-1.16.8-dev/TachiyomiAT-1.16.8-dev/app/src/main/java/eu/kanade/translation/TranslationManager.kt:315:9 This is a delicate API and its use requires care. Make sure you fully read and understand documentation of the declaration that is marked as a delicate API.
w: file:///D:/TachiyomiAT-1.16.8-dev/TachiyomiAT-1.16.8-dev/app/src/main/java/eu/kanade/translation/TranslationManager.kt:324:9 This is a delicate API and its use requires care. Make sure you fully read and understand documentation of the declaration that is marked as a delicate API.
w: file:///D:/TachiyomiAT-1.16.8-dev/TachiyomiAT-1.16.8-dev/app/src/main/java/eu/kanade/translation/detection/OnnxPageTextDetector.kt:73:49 Unchecked cast of 'kotlin.Any!' to 'kotlin.Array<kotlin.LongArray>'.
w: file:///D:/TachiyomiAT-1.16.8-dev/TachiyomiAT-1.16.8-dev/app/src/main/java/eu/kanade/translation/detection/OnnxPageTextDetector.kt:74:48 Unchecked cast of 'kotlin.Any!' to 'kotlin.Array<kotlin.Array<kotlin.FloatArray>>'.
w: file:///D:/TachiyomiAT-1.16.8-dev/TachiyomiAT-1.16.8-dev/app/src/main/java/eu/kanade/translation/detection/OnnxPageTextDetector.kt:75:49 Unchecked cast of 'kotlin.Any!' to 'kotlin.Array<kotlin.FloatArray>'.
w: file:///D:/TachiyomiAT-1.16.8-dev/TachiyomiAT-1.16.8-dev/app/src/main/java/mihon/feature/upcoming/components/calendar/CalendarHeader.kt:57:36 'val Icons.Filled.KeyboardArrowLeft: ImageVector' is deprecated. Use the AutoMirrored version at Icons.AutoMirrored.Filled.KeyboardArrowLeft.
w: file:///D:/TachiyomiAT-1.16.8-dev/TachiyomiAT-1.16.8-dev/app/src/main/java/mihon/feature/upcoming/components/calendar/CalendarHeader.kt:60:36 'val Icons.Filled.KeyboardArrowRight: ImageVector' is deprecated. Use the AutoMirrored version at Icons.AutoMirrored.Filled.KeyboardArrowRight.

> Task :app:compileDevDebugKotlin
w: file:///D:/TachiyomiAT-1.16.8-dev/TachiyomiAT-1.16.8-dev/app/src/main/java/eu/kanade/presentation/util/ExceptionFormatter.kt:12:1 Experimental context receivers are deprecated and will be superseded by context parameters. Please don't use context receivers. You can either pass parameters explicitly or use members with extensions.

See new context parameters proposal: https://github.com/Kotlin/KEEP/blob/context-parameters/proposals/context-parameters.md. During the transition period, neither context receivers nor context parameters will be supported. This warning will become an error in future releases.
w: file:///D:/TachiyomiAT-1.16.8-dev/TachiyomiAT-1.16.8-dev/app/src/main/java/eu/kanade/presentation/util/FastScrollAnimateItem.kt:7:1 Experimental context receivers are deprecated and will be superseded by context parameters. Please don't use context receivers. You can either pass parameters explicitly or use members with extensions.

See new context parameters proposal: https://github.com/Kotlin/KEEP/blob/context-parameters/proposals/context-parameters.md. During the transition period, neither context receivers nor context parameters will be supported. This warning will become an error in future releases.
w: file:///D:/TachiyomiAT-1.16.8-dev/TachiyomiAT-1.16.8-dev/app/src/main/java/eu/kanade/tachiyomi/data/download/DownloadManager.kt:253:9 This is a delicate API and its use requires care. Make sure you fully read and understand documentation of the declaration that is marked as a delicate API.
w: file:///D:/TachiyomiAT-1.16.8-dev/TachiyomiAT-1.16.8-dev/app/src/main/java/eu/kanade/tachiyomi/data/download/DownloadManager.kt:280:9 This is a delicate API and its use requires care. Make sure you fully read and understand documentation of the declaration that is marked as a delicate API.
w: file:///D:/TachiyomiAT-1.16.8-dev/TachiyomiAT-1.16.8-dev/app/src/main/java/eu/kanade/tachiyomi/data/download/Downloader.kt:114:9 This is a delicate API and its use requires care. Make sure you fully read and understand documentation of the declaration that is marked as a delicate API.
w: file:///D:/TachiyomiAT-1.16.8-dev/TachiyomiAT-1.16.8-dev/app/src/main/java/eu/kanade/tachiyomi/data/library/LibraryUpdateNotifier.kt:212:13 This is a delicate API and its use requires care. Make sure you fully read and understand documentation of the declaration that is marked as a delicate API.
w: file:///D:/TachiyomiAT-1.16.8-dev/TachiyomiAT-1.16.8-dev/app/src/main/java/eu/kanade/tachiyomi/data/notification/NotificationReceiver.kt:200:9 This is a delicate API and its use requires care. Make sure you fully read and understand documentation of the declaration that is marked as a delicate API.
w: file:///D:/TachiyomiAT-1.16.8-dev/TachiyomiAT-1.16.8-dev/app/src/main/java/eu/kanade/tachiyomi/data/notification/NotificationReceiver.kt:226:9 This is a delicate API and its use requires care. Make sure you fully read and understand documentation of the declaration that is marked as a delicate API.
w: file:///D:/TachiyomiAT-1.16.8-dev/TachiyomiAT-1.16.8-dev/app/src/main/java/eu/kanade/tachiyomi/extension/util/ExtensionInstallActivity.kt:28:43 'static field ACTION_INSTALL_PACKAGE: String' is deprecated. Deprecated in Java.
w: file:///D:/TachiyomiAT-1.16.8-dev/TachiyomiAT-1.16.8-dev/app/src/main/java/eu/kanade/tachiyomi/ui/reader/ReaderActivity.kt:602:16 'var statusBarColor: Int' is deprecated. Deprecated in Java.
w: file:///D:/TachiyomiAT-1.16.8-dev/TachiyomiAT-1.16.8-dev/app/src/main/java/eu/kanade/tachiyomi/ui/reader/ReaderActivity.kt:604:20 'var navigationBarColor: Int' is deprecated. Deprecated in Java.
w: file:///D:/TachiyomiAT-1.16.8-dev/TachiyomiAT-1.16.8-dev/app/src/main/java/eu/kanade/tachiyomi/ui/reader/loader/HttpPageLoader.kt:134:13 This is a delicate API and its use requires care. Make sure you fully read and understand documentation of the declaration that is marked as a delicate API.
w: file:///D:/TachiyomiAT-1.16.8-dev/TachiyomiAT-1.16.8-dev/app/src/main/java/eu/kanade/tachiyomi/util/view/EditTextPreferenceExtensions.kt:8:24 This extension is shadowed by a member: 'fun getOnBindEditTextListener(): EditTextPreference.OnBindEditTextListener?' defined in 'androidx/preference/EditTextPreference'.
w: file:///D:/TachiyomiAT-1.16.8-dev/TachiyomiAT-1.16.8-dev/app/src/main/java/eu/kanade/translation/TranslationManager.kt:315:9 This is a delicate API and its use requires care. Make sure you fully read and understand documentation of the declaration that is marked as a delicate API.
w: file:///D:/TachiyomiAT-1.16.8-dev/TachiyomiAT-1.16.8-dev/app/src/main/java/eu/kanade/translation/TranslationManager.kt:324:9 This is a delicate API and its use requires care. Make sure you fully read and understand documentation of the declaration that is marked as a delicate API.
w: file:///D:/TachiyomiAT-1.16.8-dev/TachiyomiAT-1.16.8-dev/app/src/main/java/eu/kanade/translation/detection/OnnxPageTextDetector.kt:73:49 Unchecked cast of 'kotlin.Any!' to 'kotlin.Array<kotlin.LongArray>'.
w: file:///D:/TachiyomiAT-1.16.8-dev/TachiyomiAT-1.16.8-dev/app/src/main/java/eu/kanade/translation/detection/OnnxPageTextDetector.kt:74:48 Unchecked cast of 'kotlin.Any!' to 'kotlin.Array<kotlin.Array<kotlin.FloatArray>>'.
w: file:///D:/TachiyomiAT-1.16.8-dev/TachiyomiAT-1.16.8-dev/app/src/main/java/eu/kanade/translation/detection/OnnxPageTextDetector.kt:75:49 Unchecked cast of 'kotlin.Any!' to 'kotlin.Array<kotlin.FloatArray>'.
w: file:///D:/TachiyomiAT-1.16.8-dev/TachiyomiAT-1.16.8-dev/app/src/main/java/mihon/feature/upcoming/components/calendar/CalendarHeader.kt:57:36 'val Icons.Filled.KeyboardArrowLeft: ImageVector' is deprecated. Use the AutoMirrored version at Icons.AutoMirrored.Filled.KeyboardArrowLeft.
w: file:///D:/TachiyomiAT-1.16.8-dev/TachiyomiAT-1.16.8-dev/app/src/main/java/mihon/feature/upcoming/components/calendar/CalendarHeader.kt:60:36 'val Icons.Filled.KeyboardArrowRight: ImageVector' is deprecated. Use the AutoMirrored version at Icons.AutoMirrored.Filled.KeyboardArrowRight.

> Task :app:compileStandardDebugJavaWithJavac
> Task :app:compileDevDebugJavaWithJavac
> Task :app:dexBuilderDevDebug
> Task :app:mergeDevDebugGlobalSynthetics UP-TO-DATE
> Task :app:processDevDebugJavaRes
> Task :app:mergeProjectDexDevDebug
> Task :app:mergeDevDebugJavaResource
> Task :app:dexBuilderStandardDebug
> Task :app:mergeStandardDebugGlobalSynthetics UP-TO-DATE
> Task :app:processStandardDebugJavaRes UP-TO-DATE
> Task :app:mergeStandardDebugJavaResource UP-TO-DATE
> Task :app:mergeProjectDexStandardDebug
> Task :app:packageDevDebug
> Task :app:packageStandardDebug
> Task :app:createStandardDebugApkListingFileRedirect
> Task :app:assembleStandardDebug
> Task :app:createDevDebugApkListingFileRedirect
> Task :app:assembleDevDebug
> Task :app:assembleDebug

[Incubating] Problems report is available at: file:///D:/TachiyomiAT-1.16.8-dev/TachiyomiAT-1.16.8-dev/build/reports/problems/problems-report.html

Deprecated Gradle features were used in this build, making it incompatible with Gradle 9.0.

You can use '--warning-mode all' to show the individual deprecation warnings and determine if they come from your own scripts or plugins.

For more on this, please refer to https://docs.gradle.org/8.12/userguide/command_line_interface.html#sec:command_line_warnings in the Gradle documentation.

BUILD SUCCESSFUL in 4m 28s
308 actionable tasks: 16 executed, 292 up-to-date
