To honour the JVM settings for this build a single-use Daemon process will be forked. For more on this, please refer to https://docs.gradle.org/8.12/userguide/gradle_daemon.html#sec:disabling_the_daemon in the Gradle documentation.
Daemon will be stopped at the end of the build 
Configuration on demand is an incubating feature.
Type-safe project accessors is an incubating feature.
> Task :buildSrc:checkKotlinGradlePluginConfigurationErrors SKIPPED
> Task :buildSrc:generateExternalPluginSpecBuilders UP-TO-DATE
> Task :buildSrc:extractPrecompiledScriptPluginPlugins UP-TO-DATE
> Task :buildSrc:compilePluginsBlocks UP-TO-DATE
> Task :buildSrc:generatePrecompiledScriptPluginAccessors UP-TO-DATE
> Task :buildSrc:generateScriptPluginAdapters UP-TO-DATE
> Task :buildSrc:compileKotlin UP-TO-DATE
> Task :buildSrc:compileJava NO-SOURCE
> Task :buildSrc:compileGroovy NO-SOURCE
> Task :buildSrc:pluginDescriptors UP-TO-DATE
> Task :buildSrc:processResources UP-TO-DATE
> Task :buildSrc:classes UP-TO-DATE
> Task :buildSrc:jar UP-TO-DATE

> Configure project :app
w: The `kotlin.mpp.androidGradlePluginCompatibility.nowarn` deprecated property is used in your build.
Please, stop using it as it is unsupported and may apply no effect to your build.


> Task :i18n:generateLocalesConfig UP-TO-DATE
> Task :presentation-core:preBuild UP-TO-DATE
> Task :core-metadata:preBuild UP-TO-DATE
> Task :core:common:preBuild UP-TO-DATE
> Task :source-api:preBuild UP-TO-DATE
> Task :core:archive:preBuild UP-TO-DATE
> Task :data:preBuild UP-TO-DATE
> Task :domain:preBuild UP-TO-DATE
> Task :source-local:preBuild UP-TO-DATE
> Task :app:checkKotlinGradlePluginConfigurationErrors SKIPPED
> Task :presentation-widget:preBuild UP-TO-DATE
> Task :presentation-core:preDebugBuild UP-TO-DATE
> Task :source-api:preDebugBuild UP-TO-DATE
> Task :data:preDebugBuild UP-TO-DATE
> Task :domain:preDebugBuild UP-TO-DATE
> Task :app:preBuild UP-TO-DATE
> Task :core-metadata:preDebugBuild UP-TO-DATE
> Task :core:common:preDebugBuild UP-TO-DATE
> Task :presentation-widget:preDebugBuild UP-TO-DATE
> Task :source-local:preDebugBuild UP-TO-DATE
> Task :app:preStandardDebugBuild UP-TO-DATE
> Task :core:archive:preDebugBuild UP-TO-DATE
> Task :presentation-core:generateDebugResValues UP-TO-DATE
> Task :core-metadata:generateDebugResValues UP-TO-DATE
> Task :data:generateDebugResValues UP-TO-DATE
> Task :presentation-widget:generateDebugResValues UP-TO-DATE
> Task :domain:generateDebugResValues UP-TO-DATE
> Task :core:common:generateDebugResValues UP-TO-DATE
> Task :source-local:generateDebugResValues UP-TO-DATE
> Task :source-api:generateDebugResValues UP-TO-DATE
> Task :core:archive:generateDebugResValues UP-TO-DATE
> Task :presentation-core:generateDebugResources UP-TO-DATE
> Task :data:generateDebugResources UP-TO-DATE
> Task :domain:generateDebugResources UP-TO-DATE
> Task :core:archive:generateDebugResources UP-TO-DATE
> Task :core-metadata:generateDebugResources UP-TO-DATE
> Task :source-api:generateDebugResources UP-TO-DATE
> Task :source-local:generateDebugResources UP-TO-DATE
> Task :core:common:generateDebugResources UP-TO-DATE
> Task :presentation-widget:generateDebugResources UP-TO-DATE
> Task :core:common:packageDebugResources UP-TO-DATE
> Task :domain:packageDebugResources UP-TO-DATE
> Task :presentation-core:packageDebugResources UP-TO-DATE
> Task :source-api:packageDebugResources UP-TO-DATE
> Task :source-local:packageDebugResources UP-TO-DATE
> Task :data:packageDebugResources UP-TO-DATE
> Task :core:archive:packageDebugResources UP-TO-DATE
> Task :core-metadata:packageDebugResources UP-TO-DATE
> Task :core:archive:writeDebugAarMetadata UP-TO-DATE
> Task :data:writeDebugAarMetadata UP-TO-DATE
> Task :domain:writeDebugAarMetadata UP-TO-DATE
> Task :i18n-at:generateMRcommonMain UP-TO-DATE
> Task :presentation-core:writeDebugAarMetadata UP-TO-DATE
> Task :i18n-at:generateMRandroidDebug SKIPPED
> Task :presentation-widget:writeDebugAarMetadata UP-TO-DATE
> Task :core-metadata:writeDebugAarMetadata UP-TO-DATE
> Task :domain:extractDeepLinksDebug UP-TO-DATE
> Task :presentation-core:extractDeepLinksDebug UP-TO-DATE
> Task :data:extractDeepLinksDebug UP-TO-DATE
> Task :core-metadata:extractDeepLinksDebug UP-TO-DATE
> Task :core:archive:extractDeepLinksDebug UP-TO-DATE
> Task :presentation-core:processDebugManifest UP-TO-DATE
> Task :i18n-at:generateMRandroidInstrumentedTest UP-TO-DATE
> Task :domain:processDebugManifest UP-TO-DATE
> Task :i18n-at:generateMRandroidInstrumentedTestDebug SKIPPED
> Task :data:processDebugManifest UP-TO-DATE
> Task :source-local:writeDebugAarMetadata UP-TO-DATE
> Task :presentation-core:compileDebugLibraryResources UP-TO-DATE
> Task :source-api:writeDebugAarMetadata UP-TO-DATE
> Task :core:common:writeDebugAarMetadata UP-TO-DATE
> Task :core:archive:processDebugManifest UP-TO-DATE
> Task :data:compileDebugLibraryResources UP-TO-DATE
> Task :core:common:extractDeepLinksDebug UP-TO-DATE
> Task :source-api:extractDeepLinksDebug UP-TO-DATE
> Task :source-local:extractDeepLinksDebug UP-TO-DATE
> Task :presentation-widget:packageDebugResources UP-TO-DATE
> Task :core-metadata:processDebugManifest UP-TO-DATE
> Task :domain:parseDebugLocalResources UP-TO-DATE
> Task :i18n-at:generateMRandroidMain UP-TO-DATE
> Task :core-metadata:compileDebugLibraryResources UP-TO-DATE
> Task :i18n-at:generateMRandroidRelease SKIPPED
> Task :data:parseDebugLocalResources UP-TO-DATE
> Task :presentation-widget:extractDeepLinksDebug UP-TO-DATE
> Task :presentation-core:parseDebugLocalResources UP-TO-DATE
> Task :data:checkKotlinGradlePluginConfigurationErrors SKIPPED
> Task :presentation-core:checkKotlinGradlePluginConfigurationErrors SKIPPED
> Task :source-local:processDebugManifest UP-TO-DATE
> Task :core:archive:parseDebugLocalResources UP-TO-DATE
> Task :domain:compileDebugLibraryResources UP-TO-DATE
> Task :domain:checkKotlinGradlePluginConfigurationErrors SKIPPED
> Task :core:common:processDebugManifest UP-TO-DATE
> Task :source-local:compileDebugLibraryResources UP-TO-DATE
> Task :presentation-core:javaPreCompileDebug UP-TO-DATE
> Task :core-metadata:parseDebugLocalResources UP-TO-DATE
> Task :presentation-widget:processDebugManifest UP-TO-DATE
> Task :i18n-at:generateMRcommonTest UP-TO-DATE
> Task :core-metadata:checkKotlinGradlePluginConfigurationErrors SKIPPED
> Task :domain:javaPreCompileDebug UP-TO-DATE
> Task :presentation-widget:compileDebugLibraryResources UP-TO-DATE
> Task :i18n:generateMRcommonMain UP-TO-DATE
> Task :i18n-at:generateMRandroidUnitTest UP-TO-DATE
> Task :i18n-at:generateMRandroidUnitTestDebug SKIPPED
> Task :core-metadata:javaPreCompileDebug UP-TO-DATE
> Task :i18n-at:generateMRandroidUnitTestRelease SKIPPED
> Task :i18n:generateMRandroidDebug SKIPPED
> Task :i18n-at:preBuild UP-TO-DATE
> Task :source-api:processDebugManifest UP-TO-DATE
> Task :i18n-at:preDebugBuild UP-TO-DATE
> Task :core:common:parseDebugLocalResources UP-TO-DATE
> Task :source-local:parseDebugLocalResources UP-TO-DATE
> Task :i18n-at:generateDebugResValues UP-TO-DATE
> Task :source-local:checkKotlinGradlePluginConfigurationErrors SKIPPED
> Task :source-local:javaPreCompileDebug UP-TO-DATE
> Task :i18n:generateMRandroidInstrumentedTest UP-TO-DATE
> Task :i18n:generateMRandroidInstrumentedTestDebug SKIPPED
> Task :i18n-at:generateDebugResources UP-TO-DATE
> Task :core:common:compileDebugLibraryResources UP-TO-DATE
> Task :presentation-widget:parseDebugLocalResources UP-TO-DATE
> Task :presentation-widget:checkKotlinGradlePluginConfigurationErrors SKIPPED
> Task :core:common:checkKotlinGradlePluginConfigurationErrors SKIPPED
> Task :source-api:parseDebugLocalResources UP-TO-DATE
> Task :source-api:compileDebugLibraryResources UP-TO-DATE
> Task :source-api:checkKotlinGradlePluginConfigurationErrors SKIPPED
> Task :core:common:javaPreCompileDebug UP-TO-DATE
> Task :presentation-widget:javaPreCompileDebug UP-TO-DATE
> Task :source-api:javaPreCompileDebug UP-TO-DATE
> Task :i18n-at:packageDebugResources UP-TO-DATE
> Task :i18n-at:writeDebugAarMetadata UP-TO-DATE
> Task :i18n-at:extractDeepLinksDebug UP-TO-DATE
> Task :core:archive:generateDebugRFile UP-TO-DATE
> Task :core:archive:compileDebugLibraryResources UP-TO-DATE
> Task :core:archive:checkKotlinGradlePluginConfigurationErrors SKIPPED
> Task :i18n-at:processDebugManifest UP-TO-DATE
> Task :i18n:generateMRandroidMain UP-TO-DATE
> Task :i18n-at:compileDebugLibraryResources UP-TO-DATE
> Task :i18n:generateMRandroidRelease SKIPPED
> Task :i18n:generateMRcommonTest UP-TO-DATE
> Task :i18n-at:parseDebugLocalResources UP-TO-DATE
> Task :i18n:generateMRandroidUnitTest UP-TO-DATE
> Task :i18n:generateMRandroidUnitTestDebug SKIPPED
> Task :i18n:generateMRandroidUnitTestRelease SKIPPED
> Task :i18n:preBuild UP-TO-DATE
> Task :i18n:preDebugBuild UP-TO-DATE
> Task :i18n:generateDebugResValues UP-TO-DATE
> Task :data:generateDebugDatabaseInterface UP-TO-DATE
> Task :i18n:generateDebugResources UP-TO-DATE
> Task :data:javaPreCompileDebug UP-TO-DATE
> Task :i18n:packageDebugResources UP-TO-DATE
> Task :i18n-at:generateDebugRFile UP-TO-DATE
> Task :i18n-at:checkKotlinGradlePluginConfigurationErrors SKIPPED
> Task :i18n:writeDebugAarMetadata UP-TO-DATE
> Task :i18n:extractDeepLinksDebug UP-TO-DATE
> Task :i18n:processDebugManifest UP-TO-DATE
> Task :i18n:parseDebugLocalResources UP-TO-DATE
> Task :core:archive:compileDebugKotlin UP-TO-DATE
> Task :core:archive:javaPreCompileDebug UP-TO-DATE
> Task :core:archive:compileDebugJavaWithJavac NO-SOURCE
> Task :core:archive:bundleLibCompileToJarDebug UP-TO-DATE
> Task :i18n:generateDebugRFile UP-TO-DATE
> Task :i18n:compileDebugLibraryResources UP-TO-DATE
> Task :i18n:checkKotlinGradlePluginConfigurationErrors SKIPPED
> Task :i18n-at:compileDebugKotlinAndroid UP-TO-DATE
> Task :i18n-at:javaPreCompileDebug UP-TO-DATE
> Task :i18n-at:compileDebugJavaWithJavac NO-SOURCE
> Task :i18n-at:bundleLibCompileToJarDebug UP-TO-DATE
> Task :i18n:compileDebugKotlinAndroid UP-TO-DATE
> Task :i18n:javaPreCompileDebug UP-TO-DATE
> Task :i18n:compileDebugJavaWithJavac NO-SOURCE
> Task :i18n:bundleLibCompileToJarDebug UP-TO-DATE
> Task :core:common:generateDebugRFile UP-TO-DATE
> Task :source-api:generateDebugRFile UP-TO-DATE
> Task :core:common:compileDebugKotlin UP-TO-DATE
> Task :core:common:compileDebugJavaWithJavac NO-SOURCE
> Task :core:common:bundleLibCompileToJarDebug UP-TO-DATE
> Task :core-metadata:generateDebugRFile UP-TO-DATE
> Task :domain:generateDebugRFile UP-TO-DATE
> Task :source-local:generateDebugRFile UP-TO-DATE
> Task :data:generateDebugRFile UP-TO-DATE
> Task :presentation-core:generateDebugRFile UP-TO-DATE
> Task :source-api:compileDebugKotlinAndroid UP-TO-DATE
> Task :source-api:compileDebugJavaWithJavac NO-SOURCE
> Task :source-api:bundleLibCompileToJarDebug UP-TO-DATE
> Task :core-metadata:compileDebugKotlin UP-TO-DATE
> Task :core-metadata:compileDebugJavaWithJavac NO-SOURCE
> Task :core-metadata:bundleLibCompileToJarDebug UP-TO-DATE
> Task :presentation-widget:generateDebugRFile UP-TO-DATE
> Task :domain:compileDebugKotlin UP-TO-DATE
> Task :domain:compileDebugJavaWithJavac NO-SOURCE
> Task :domain:bundleLibCompileToJarDebug UP-TO-DATE
> Task :app:dataBindingMergeDependencyArtifactsStandardDebug UP-TO-DATE
> Task :presentation-core:compileDebugKotlin UP-TO-DATE
> Task :presentation-core:compileDebugJavaWithJavac NO-SOURCE
> Task :app:generateStandardDebugResValues UP-TO-DATE
> Task :presentation-core:bundleLibCompileToJarDebug UP-TO-DATE
> Task :app:generateStandardDebugResources UP-TO-DATE
> Task :app:injectCrashlyticsMappingFileIdStandardDebug UP-TO-DATE
> Task :app:collectDependencies UP-TO-DATE
> Task :app:prepareLibraryDefinitionsStandardDebug UP-TO-DATE
> Task :app:prepareStandardDebugShortcutXML UP-TO-DATE
> Task :app:processStandardDebugGoogleServices UP-TO-DATE
> Task :source-local:compileDebugKotlinAndroid UP-TO-DATE
> Task :source-local:compileDebugJavaWithJavac NO-SOURCE
> Task :source-local:bundleLibCompileToJarDebug UP-TO-DATE
> Task :data:compileDebugKotlin UP-TO-DATE
> Task :data:compileDebugJavaWithJavac NO-SOURCE
> Task :data:bundleLibCompileToJarDebug UP-TO-DATE
> Task :presentation-widget:compileDebugKotlin UP-TO-DATE
> Task :presentation-widget:compileDebugJavaWithJavac NO-SOURCE
> Task :presentation-widget:bundleLibCompileToJarDebug UP-TO-DATE
> Task :app:mergeStandardDebugResources UP-TO-DATE
> Task :app:dataBindingGenBaseClassesStandardDebug UP-TO-DATE
> Task :app:generateStandardDebugBuildConfig
> Task :app:checkStandardDebugAarMetadata UP-TO-DATE
> Task :app:mapStandardDebugSourceSetPaths UP-TO-DATE
> Task :app:createStandardDebugCompatibleScreenManifests UP-TO-DATE
> Task :app:extractDeepLinksStandardDebug UP-TO-DATE
> Task :app:processStandardDebugMainManifest UP-TO-DATE
> Task :app:processStandardDebugManifest UP-TO-DATE
> Task :app:processStandardDebugManifestForPackage UP-TO-DATE
> Task :app:processStandardDebugResources UP-TO-DATE

> Task :app:compileStandardDebugKotlin
w: file:///D:/TachiyomiAT-1.16.8-dev/TachiyomiAT-1.16.8-dev/app/src/main/java/eu/kanade/presentation/reader/components/TranslationCompareHandle.kt:154:42 'val Icons.Outlined.CompareArrows: ImageVector' is deprecated. Use the AutoMirrored version at Icons.AutoMirrored.Outlined.CompareArrows.
w: file:///D:/TachiyomiAT-1.16.8-dev/TachiyomiAT-1.16.8-dev/app/src/main/java/eu/kanade/tachiyomi/data/notification/NotificationReceiver.kt:200:9 This is a delicate API and its use requires care. Make sure you fully read and understand documentation of the declaration that is marked as a delicate API.
w: file:///D:/TachiyomiAT-1.16.8-dev/TachiyomiAT-1.16.8-dev/app/src/main/java/eu/kanade/tachiyomi/data/notification/NotificationReceiver.kt:226:9 This is a delicate API and its use requires care. Make sure you fully read and understand documentation of the declaration that is marked as a delicate API.

[Incubating] Problems report is available at: file:///D:/TachiyomiAT-1.16.8-dev/TachiyomiAT-1.16.8-dev/build/reports/problems/problems-report.html

Deprecated Gradle features were used in this build, making it incompatible with Gradle 9.0.

You can use '--warning-mode all' to show the individual deprecation warnings and determine if they come from your own scripts or plugins.

For more on this, please refer to https://docs.gradle.org/8.12/userguide/command_line_interface.html#sec:command_line_warnings in the Gradle documentation.

BUILD SUCCESSFUL in 1m 2s
172 actionable tasks: 2 executed, 170 up-to-date
