--------- beginning of main
06-17 11:48:37.563 30195 30195 E TTDBG   : handleAutoTranslation ENTER pageIdx=0 thread=main
06-17 11:48:37.622 30195 30364 E TTDBG   : store.collect emit size=0 thread=DefaultDispatcher-worker-33
06-17 11:48:37.622 30195 30372 E TTDBG   : handleAutoTranslation DEDUP-SKIP pageIdx=0 (already fired <2s ago)
06-17 11:48:38.370 30195 30377 E TTDBG   : sequential CHECK pageKey=1.png store=true current=false rendered=false trans=null ocr=null blocks=-1
06-17 11:48:38.370 30195 30377 E TTDBG   : translateSinglePage ENTER pageKey=1.png thread=DefaultDispatcher-worker-41
06-17 11:48:38.772 30195 30364 E TTDBG   : store.collect emit size=1 thread=DefaultDispatcher-worker-33
06-17 11:48:38.977 30195 30357 E TTDBG   : store.collect emit size=1 thread=DefaultDispatcher-worker-22
06-17 11:48:51.875 30195 30357 E TTDBG   : translateSinglePageInternal PERSIST pageKey=1.png ocr=READY inpaint=READY trans=READY render=READY rendered=true cleaned=true retry=0 blocks=4
06-17 11:48:52.139 30195 30357 E TTDBG   : sequential CHECK pageKey=2.png store=true current=false rendered=false trans=null ocr=null blocks=-1
06-17 11:48:52.139 30195 30359 E TTDBG   : store.collect emit size=1 thread=DefaultDispatcher-worker-24
06-17 11:48:52.139 30195 30357 E TTDBG   : translateSinglePage ENTER pageKey=2.png thread=DefaultDispatcher-worker-22
06-17 11:48:52.384 30195 30359 E TTDBG   : store.collect emit size=2 thread=DefaultDispatcher-worker-24
06-17 11:48:52.592 30195 30372 E TTDBG   : store.collect emit size=2 thread=DefaultDispatcher-worker-35
06-17 11:48:58.093 30195 30359 E TTDBG   : translateSinglePageInternal PERSIST pageKey=2.png ocr=READY inpaint=READY trans=READY render=READY rendered=true cleaned=true retry=0 blocks=12
06-17 11:48:58.390 30195 30367 E TTDBG   : store.collect emit size=2 thread=DefaultDispatcher-worker-27
06-17 11:48:58.393 30195 30359 E TTDBG   : sequential CHECK pageKey=3.png store=true current=false rendered=false trans=null ocr=null blocks=-1
06-17 11:48:58.394 30195 30359 E TTDBG   : translateSinglePage ENTER pageKey=3.png thread=DefaultDispatcher-worker-24
06-17 11:48:58.650 30195 30377 E TTDBG   : store.collect emit size=3 thread=DefaultDispatcher-worker-41
06-17 11:48:58.848 30195 30267 E TTDBG   : store.collect emit size=3 thread=DefaultDispatcher-worker-2
06-17 11:49:01.637 30195 30195 E TTDBG   : handleAutoTranslation ENTER pageIdx=1 thread=main
06-17 11:49:01.637 30195 30195 E TTDBG   : gate idx=1 skip=true reason=hasResult(rendered=true cleaned=true) ocr=READY inpaint=READY trans=READY render=READY retry=0 blocks=12 thread=main
06-17 11:49:01.637 30195 30195 E TTDBG   : gate idx=2 skip=true reason=isRunning ocr=RUNNING inpaint=PENDING trans=PENDING render=PENDING retry=0 blocks=0 thread=main
06-17 11:49:01.637 30195 30267 E TTDBG   : sequential CHECK pageKey=4.png store=true current=false rendered=false trans=null ocr=null blocks=-1
06-17 11:49:04.415 30195 30370 E TTDBG   : translateSinglePageInternal PERSIST pageKey=3.png ocr=READY inpaint=READY trans=READY render=READY rendered=true cleaned=true retry=0 blocks=12
06-17 11:49:04.621 30195 30370 E TTDBG   : sequential DONE keys=[1.png, 2.png, 3.png] thread=DefaultDispatcher-worker-30
06-17 11:49:04.621 30195 30359 E TTDBG   : store.collect emit size=3 thread=DefaultDispatcher-worker-24
06-17 11:49:04.621 30195 30381 E TTDBG   : translateSinglePage ENTER pageKey=4.png thread=DefaultDispatcher-worker-26
06-17 11:49:04.799 30195 30363 E TTDBG   : store.collect emit size=4 thread=DefaultDispatcher-worker-32
06-17 11:49:05.028 30195 30370 E TTDBG   : store.collect emit size=4 thread=DefaultDispatcher-worker-30
06-17 11:49:06.608 30195 30195 E TTDBG   : handleAutoTranslation ENTER pageIdx=2 thread=main
06-17 11:49:06.608 30195 30195 E TTDBG   : gate idx=2 skip=true reason=hasResult(rendered=true cleaned=true) ocr=READY inpaint=READY trans=READY render=READY retry=0 blocks=12 thread=main
06-17 11:49:06.608 30195 30195 E TTDBG   : gate idx=3 skip=true reason=isRunning ocr=RUNNING inpaint=PENDING trans=PENDING render=PENDING retry=0 blocks=0 thread=main
06-17 11:49:06.609 30195 30359 E TTDBG   : sequential CHECK pageKey=5.png store=true current=false rendered=false trans=null ocr=null blocks=-1
06-17 11:49:08.518 30195 30381 E TTDBG   : translateSinglePageInternal PERSIST pageKey=4.png ocr=READY inpaint=READY trans=READY render=READY rendered=true cleaned=true retry=0 blocks=6
06-17 11:49:08.756 30195 30381 E TTDBG   : sequential DONE keys=[4.png] thread=DefaultDispatcher-worker-26
06-17 11:49:08.757 30195 30375 E TTDBG   : store.collect emit size=4 thread=DefaultDispatcher-worker-38
06-17 11:49:08.757 30195 30381 E TTDBG   : translateSinglePage ENTER pageKey=5.png thread=DefaultDispatcher-worker-26
06-17 11:49:08.948 30195 30351 E TTDBG   : store.collect emit size=5 thread=DefaultDispatcher-worker-16
06-17 11:49:09.166 30195 30351 E TTDBG   : store.collect emit size=5 thread=DefaultDispatcher-worker-16
06-17 11:49:11.223 30195 30195 E TTDBG   : handleAutoTranslation ENTER pageIdx=3 thread=main
06-17 11:49:11.223 30195 30195 E TTDBG   : gate idx=3 skip=true reason=hasResult(rendered=true cleaned=true) ocr=READY inpaint=READY trans=READY render=READY retry=0 blocks=6 thread=main
06-17 11:49:11.224 30195 30195 E TTDBG   : gate idx=4 skip=true reason=isRunning ocr=RUNNING inpaint=PENDING trans=PENDING render=PENDING retry=0 blocks=0 thread=main
06-17 11:49:11.225 30195 30351 E TTDBG   : sequential CHECK pageKey=6.png store=true current=false rendered=false trans=null ocr=null blocks=-1
06-17 11:49:12.281 30195 30381 E TTDBG   : translateSinglePageInternal PERSIST pageKey=5.png ocr=READY inpaint=READY trans=READY render=READY rendered=true cleaned=true retry=0 blocks=4
06-17 11:49:12.480 30195 30381 E TTDBG   : sequential DONE keys=[5.png] thread=DefaultDispatcher-worker-26
06-17 11:49:12.480 30195 30371 E TTDBG   : store.collect emit size=5 thread=DefaultDispatcher-worker-34
06-17 11:49:12.480 30195 30377 E TTDBG   : translateSinglePage ENTER pageKey=6.png thread=DefaultDispatcher-worker-41
06-17 11:49:12.638 30195 30381 E TTDBG   : store.collect emit size=6 thread=DefaultDispatcher-worker-26
06-17 11:49:12.866 30195 30371 E TTDBG   : store.collect emit size=6 thread=DefaultDispatcher-worker-34
06-17 11:49:14.448 30195 30195 E TTDBG   : handleAutoTranslation ENTER pageIdx=4 thread=main
06-17 11:49:14.448 30195 30195 E TTDBG   : gate idx=4 skip=true reason=hasResult(rendered=true cleaned=true) ocr=READY inpaint=READY trans=READY render=READY retry=0 blocks=4 thread=main
06-17 11:49:14.448 30195 30195 E TTDBG   : gate idx=5 skip=true reason=isRunning ocr=RUNNING inpaint=PENDING trans=PENDING render=PENDING retry=0 blocks=0 thread=main
06-17 11:49:14.449 30195 30303 E TTDBG   : sequential CHECK pageKey=7.png store=true current=false rendered=false trans=null ocr=null blocks=-1
06-17 11:49:15.704 30195 30195 E TTDBG   : handleAutoTranslation ENTER pageIdx=3 thread=main
06-17 11:49:15.704 30195 30195 E TTDBG   : gate idx=3 skip=true reason=hasResult(rendered=true cleaned=true) ocr=READY inpaint=READY trans=READY render=READY retry=0 blocks=6 thread=main
06-17 11:49:15.704 30195 30195 E TTDBG   : gate idx=4 skip=true reason=hasResult(rendered=true cleaned=true) ocr=READY inpaint=READY trans=READY render=READY retry=0 blocks=4 thread=main
06-17 11:49:15.704 30195 30195 E TTDBG   : gate idx=5 skip=true reason=isRunning ocr=RUNNING inpaint=PENDING trans=PENDING render=PENDING retry=0 blocks=0 thread=main
06-17 11:49:17.135 30195 30351 E TTDBG   : translateSinglePageInternal PERSIST pageKey=6.png ocr=READY inpaint=READY trans=READY render=READY rendered=true cleaned=true retry=0 blocks=4
06-17 11:49:17.347 30195 30351 E TTDBG   : sequential DONE keys=[6.png] thread=DefaultDispatcher-worker-16
06-17 11:49:17.347 30195 30380 E TTDBG   : translateSinglePage ENTER pageKey=7.png thread=DefaultDispatcher-worker-40
06-17 11:49:17.348 30195 30267 E TTDBG   : store.collect emit size=6 thread=DefaultDispatcher-worker-2
06-17 11:49:17.549 30195 30267 E TTDBG   : store.collect emit size=7 thread=DefaultDispatcher-worker-2
06-17 11:49:17.768 30195 30352 E TTDBG   : store.collect emit size=7 thread=DefaultDispatcher-worker-17
06-17 11:49:20.288 30195 30375 E TTDBG   : translateSinglePageInternal PERSIST pageKey=7.png ocr=READY inpaint=READY trans=READY render=READY rendered=true cleaned=true retry=0 blocks=2
06-17 11:49:20.433 30195 30375 E TTDBG   : sequential DONE keys=[7.png] thread=DefaultDispatcher-worker-38
06-17 11:49:20.434 30195 30351 E TTDBG   : store.collect emit size=7 thread=DefaultDispatcher-worker-16
06-17 11:49:21.299 30195 30195 E TTDBG   : handleAutoTranslation ENTER pageIdx=4 thread=main
06-17 11:49:21.299 30195 30195 E TTDBG   : gate idx=4 skip=true reason=hasResult(rendered=true cleaned=true) ocr=READY inpaint=READY trans=READY render=READY retry=0 blocks=4 thread=main
06-17 11:49:21.299 30195 30195 E TTDBG   : gate idx=5 skip=true reason=hasResult(rendered=true cleaned=true) ocr=READY inpaint=READY trans=READY render=READY retry=0 blocks=4 thread=main
06-17 11:49:21.299 30195 30195 E TTDBG   : gate idx=6 skip=true reason=hasResult(rendered=true cleaned=true) ocr=READY inpaint=READY trans=READY render=READY retry=0 blocks=2 thread=main
06-17 11:49:25.441 30195 30195 E TTDBG   : handleAutoTranslation ENTER pageIdx=3 thread=main
06-17 11:49:25.441 30195 30195 E TTDBG   : gate idx=3 skip=true reason=hasResult(rendered=true cleaned=true) ocr=READY inpaint=READY trans=READY render=READY retry=0 blocks=6 thread=main
06-17 11:49:25.441 30195 30195 E TTDBG   : gate idx=4 skip=true reason=hasResult(rendered=true cleaned=true) ocr=READY inpaint=READY trans=READY render=READY retry=0 blocks=4 thread=main
06-17 11:49:25.441 30195 30195 E TTDBG   : gate idx=5 skip=true reason=hasResult(rendered=true cleaned=true) ocr=READY inpaint=READY trans=READY render=READY retry=0 blocks=4 thread=main
06-17 11:49:25.549 30195 30195 E TTDBG   : handleAutoTranslation ENTER pageIdx=2 thread=main
06-17 11:49:25.549 30195 30195 E TTDBG   : gate idx=2 skip=true reason=hasResult(rendered=true cleaned=true) ocr=READY inpaint=READY trans=READY render=READY retry=0 blocks=12 thread=main
06-17 11:49:25.549 30195 30195 E TTDBG   : gate idx=3 skip=true reason=hasResult(rendered=true cleaned=true) ocr=READY inpaint=READY trans=READY render=READY retry=0 blocks=6 thread=main
06-17 11:49:25.549 30195 30195 E TTDBG   : gate idx=4 skip=true reason=hasResult(rendered=true cleaned=true) ocr=READY inpaint=READY trans=READY render=READY retry=0 blocks=4 thread=main
06-17 11:49:26.229 30195 30195 E TTDBG   : handleAutoTranslation ENTER pageIdx=3 thread=main
06-17 11:49:26.229 30195 30195 E TTDBG   : gate idx=3 skip=true reason=hasResult(rendered=true cleaned=true) ocr=READY inpaint=READY trans=READY render=READY retry=0 blocks=6 thread=main
06-17 11:49:26.229 30195 30195 E TTDBG   : gate idx=4 skip=true reason=hasResult(rendered=true cleaned=true) ocr=READY inpaint=READY trans=READY render=READY retry=0 blocks=4 thread=main
06-17 11:49:26.229 30195 30195 E TTDBG   : gate idx=5 skip=true reason=hasResult(rendered=true cleaned=true) ocr=READY inpaint=READY trans=READY render=READY retry=0 blocks=4 thread=main
06-17 11:49:26.281 30195 30195 E TTDBG   : handleAutoTranslation ENTER pageIdx=4 thread=main
06-17 11:49:26.281 30195 30195 E TTDBG   : gate idx=4 skip=true reason=hasResult(rendered=true cleaned=true) ocr=READY inpaint=READY trans=READY render=READY retry=0 blocks=4 thread=main
06-17 11:49:26.281 30195 30195 E TTDBG   : gate idx=5 skip=true reason=hasResult(rendered=true cleaned=true) ocr=READY inpaint=READY trans=READY render=READY retry=0 blocks=4 thread=main
06-17 11:49:26.281 30195 30195 E TTDBG   : gate idx=6 skip=true reason=hasResult(rendered=true cleaned=true) ocr=READY inpaint=READY trans=READY render=READY retry=0 blocks=2 thread=main
06-17 11:49:26.364 30195 30195 E TTDBG   : handleAutoTranslation ENTER pageIdx=5 thread=main
06-17 11:49:26.364 30195 30195 E TTDBG   : gate idx=5 skip=true reason=hasResult(rendered=true cleaned=true) ocr=READY inpaint=READY trans=READY render=READY retry=0 blocks=4 thread=main
06-17 11:49:26.364 30195 30195 E TTDBG   : gate idx=6 skip=true reason=hasResult(rendered=true cleaned=true) ocr=READY inpaint=READY trans=READY render=READY retry=0 blocks=2 thread=main
06-17 11:49:26.365 30195 30302 E TTDBG   : sequential CHECK pageKey=8.png store=false current=false rendered=false trans=null ocr=null blocks=-1
06-17 11:49:26.366 30195 30302 E TTDBG   : translateSinglePage ENTER pageKey=8.png thread=DefaultDispatcher-worker-8
06-17 11:49:36.355 30195 30370 E TTDBG   : translateSinglePageInternal PERSIST pageKey=8.png ocr=READY inpaint=READY trans=READY render=READY rendered=true cleaned=true retry=0 blocks=12
06-17 11:49:36.602 30195 30370 E TTDBG   : sequential DONE keys=[8.png] thread=DefaultDispatcher-worker-30
06-17 11:49:44.953 30195 30195 E TTDBG   : handleAutoTranslation ENTER pageIdx=6 thread=main
06-17 11:49:44.954 30195 30195 E TTDBG   : gate idx=6 skip=true reason=hasResult(rendered=true cleaned=true) ocr=READY inpaint=READY trans=READY render=READY retry=0 blocks=2 thread=main
06-17 11:49:44.954 30195 30302 E TTDBG   : sequential CHECK pageKey=8.png store=true current=true rendered=true trans=READY ocr=READY blocks=12
06-17 11:49:44.954 30195 30302 E TTDBG   : sequential SKIP (already done) pageKey=8.png
06-17 11:49:44.955 30195 30302 E TTDBG   : sequential CHECK pageKey=9.png store=true current=false rendered=false trans=null ocr=null blocks=-1
06-17 11:49:44.955 30195 30302 E TTDBG   : translateSinglePage ENTER pageKey=9.png thread=DefaultDispatcher-worker-8
06-17 11:49:45.739 30195 30195 E TTDBG   : handleAutoTranslation ENTER pageIdx=7 thread=main
06-17 11:49:45.741 30195 30268 E TTDBG   : sequential CHECK pageKey=8.png store=true current=true rendered=true trans=READY ocr=READY blocks=12
06-17 11:49:45.741 30195 30268 E TTDBG   : sequential SKIP (already done) pageKey=8.png
06-17 11:49:45.757 30195 30268 E TTDBG   : sequential CHECK pageKey=9.png store=true current=true rendered=false trans=PENDING ocr=RUNNING blocks=0
06-17 11:49:46.534 30195 30195 E TTDBG   : handleAutoTranslation ENTER pageIdx=6 thread=main
06-17 11:49:46.534 30195 30195 E TTDBG   : gate idx=6 skip=true reason=hasResult(rendered=true cleaned=true) ocr=READY inpaint=READY trans=READY render=READY retry=0 blocks=2 thread=main
06-17 11:49:46.535 30195 30352 E TTDBG   : sequential CHECK pageKey=8.png store=true current=true rendered=true trans=READY ocr=READY blocks=12
06-17 11:49:46.535 30195 30352 E TTDBG   : sequential SKIP (already done) pageKey=8.png
06-17 11:49:46.535 30195 30352 E TTDBG   : sequential CHECK pageKey=9.png store=true current=true rendered=false trans=PENDING ocr=RUNNING blocks=0
06-17 11:49:46.607 30195 30195 E TTDBG   : handleAutoTranslation ENTER pageIdx=5 thread=main
06-17 11:49:46.607 30195 30195 E TTDBG   : gate idx=5 skip=true reason=hasResult(rendered=true cleaned=true) ocr=READY inpaint=READY trans=READY render=READY retry=0 blocks=4 thread=main
06-17 11:49:46.607 30195 30195 E TTDBG   : gate idx=6 skip=true reason=hasResult(rendered=true cleaned=true) ocr=READY inpaint=READY trans=READY render=READY retry=0 blocks=2 thread=main
06-17 11:49:46.608 30195 30376 E TTDBG   : sequential CHECK pageKey=8.png store=true current=true rendered=true trans=READY ocr=READY blocks=12
06-17 11:49:46.608 30195 30376 E TTDBG   : sequential SKIP (already done) pageKey=8.png
06-17 11:49:46.608 30195 30376 E TTDBG   : sequential DONE keys=[8.png] thread=DefaultDispatcher-worker-39
06-17 11:49:49.607 30195 30195 E TTDBG   : handleAutoTranslation ENTER pageIdx=4 thread=main
06-17 11:49:49.607 30195 30195 E TTDBG   : gate idx=4 skip=true reason=hasResult(rendered=true cleaned=true) ocr=READY inpaint=READY trans=READY render=READY retry=0 blocks=4 thread=main
06-17 11:49:49.608 30195 30195 E TTDBG   : gate idx=5 skip=true reason=hasResult(rendered=true cleaned=true) ocr=READY inpaint=READY trans=READY render=READY retry=0 blocks=4 thread=main
06-17 11:49:49.608 30195 30195 E TTDBG   : gate idx=6 skip=true reason=hasResult(rendered=true cleaned=true) ocr=READY inpaint=READY trans=READY render=READY retry=0 blocks=2 thread=main
06-17 11:49:50.539 30195 30359 E TTDBG   : translateSinglePageInternal PERSIST pageKey=9.png ocr=READY inpaint=READY trans=READY render=READY rendered=true cleaned=true retry=0 blocks=11
06-17 11:49:50.755 30195 30359 E TTDBG   : sequential DONE keys=[8.png, 9.png] thread=DefaultDispatcher-worker-24
06-17 11:49:50.755 30195 30298 E TTDBG   : translateSinglePage ENTER pageKey=9.png thread=DefaultDispatcher-worker-4
06-17 11:49:56.648 30195 30298 E TTDBG   : translateSinglePageInternal PERSIST pageKey=9.png ocr=READY inpaint=READY trans=READY render=READY rendered=true cleaned=true retry=0 blocks=11
06-17 11:49:56.881 30195 30298 E TTDBG   : sequential CHECK pageKey=10.png store=true current=false rendered=false trans=null ocr=null blocks=-1
06-17 11:49:56.882 30195 30338 E TTDBG   : translateSinglePage ENTER pageKey=9.png thread=DefaultDispatcher-worker-15
06-17 11:50:02.618 30195 30302 E TTDBG   : translateSinglePageInternal PERSIST pageKey=9.png ocr=READY inpaint=READY trans=READY render=READY rendered=true cleaned=true retry=0 blocks=11
06-17 11:50:02.867 30195 30302 E TTDBG   : sequential DONE keys=[8.png, 9.png] thread=DefaultDispatcher-worker-8
06-17 11:50:02.867 30195 30302 E TTDBG   : translateSinglePage ENTER pageKey=10.png thread=DefaultDispatcher-worker-8
06-17 11:50:10.693 30195 30302 E TTDBG   : translateSinglePageInternal PERSIST pageKey=10.png ocr=READY inpaint=READY trans=READY render=READY rendered=true cleaned=true retry=0 blocks=12
06-17 11:50:11.010 30195 30302 E TTDBG   : sequential DONE keys=[8.png, 9.png, 10.png] thread=DefaultDispatcher-worker-8
