--------- beginning of main
06-17 11:38:10.573 24611 24611 E TTDBG   : handleAutoTranslation ENTER pageIdx=0 thread=main
06-17 11:38:10.630 24611 24929 E TTDBG   : store.collect emit size=0 thread=DefaultDispatcher-worker-22
06-17 11:38:10.630 24611 24922 E TTDBG   : handleAutoTranslation ENTER pageIdx=0 thread=DefaultDispatcher-worker-15
06-17 11:38:12.593 24611 24946 E TTDBG   : translateSinglePage ENTER pageKey=1.png thread=DefaultDispatcher-worker-37
06-17 11:38:13.098 24611 24941 E TTDBG   : store.collect emit size=1 thread=DefaultDispatcher-worker-33
06-17 11:38:13.385 24611 24962 E TTDBG   : store.collect emit size=1 thread=DefaultDispatcher-worker-43
06-17 11:38:27.082 24611 24958 E TTDBG   : translateSinglePageInternal PERSIST pageKey=1.png ocr=READY inpaint=READY trans=READY render=READY rendered=true cleaned=true retry=0 blocks=7
06-17 11:38:27.376 24611 24941 E TTDBG   : store.collect emit size=1 thread=DefaultDispatcher-worker-33
06-17 11:38:27.377 24611 24932 E TTDBG   : translateSinglePage ENTER pageKey=1.png thread=DefaultDispatcher-worker-25
06-17 11:38:27.608 24611 24939 E TTDBG   : store.collect emit size=1 thread=DefaultDispatcher-worker-32
06-17 11:38:27.858 24611 24922 E TTDBG   : store.collect emit size=1 thread=DefaultDispatcher-worker-15
06-17 11:38:39.740 24611 24932 E TTDBG   : translateSinglePageInternal PERSIST pageKey=1.png ocr=READY inpaint=READY trans=READY render=READY rendered=true cleaned=true retry=0 blocks=7
06-17 11:38:40.007 24611 24929 E TTDBG   : store.collect emit size=1 thread=DefaultDispatcher-worker-22
06-17 11:38:40.007 24611 24922 E TTDBG   : translateSinglePage ENTER pageKey=2.png thread=DefaultDispatcher-worker-15
06-17 11:38:40.217 24611 24929 E TTDBG   : store.collect emit size=2 thread=DefaultDispatcher-worker-22
06-17 11:38:40.489 24611 24939 E TTDBG   : store.collect emit size=2 thread=DefaultDispatcher-worker-32
06-17 11:38:44.477 24611 24611 E TTDBG   : handleAutoTranslation ENTER pageIdx=1 thread=main
06-17 11:38:44.477 24611 24611 E TTDBG   : gate idx=1 skip=true reason=isRunning ocr=RUNNING inpaint=PENDING trans=PENDING render=PENDING retry=0 blocks=0 thread=main
06-17 11:38:53.132 24611 24924 E TTDBG   : translateSinglePageInternal PERSIST pageKey=2.png ocr=READY inpaint=READY trans=READY render=READY rendered=true cleaned=true retry=0 blocks=6
06-17 11:38:53.388 24611 24946 E TTDBG   : store.collect emit size=2 thread=DefaultDispatcher-worker-37
06-17 11:38:53.388 24611 24924 E TTDBG   : translateSinglePage ENTER pageKey=2.png thread=DefaultDispatcher-worker-17
06-17 11:38:53.626 24611 24954 E TTDBG   : store.collect emit size=2 thread=DefaultDispatcher-worker-46
06-17 11:38:53.870 24611 24954 E TTDBG   : store.collect emit size=2 thread=DefaultDispatcher-worker-46
06-17 11:39:06.026 24611 24924 E TTDBG   : translateSinglePageInternal PERSIST pageKey=2.png ocr=READY inpaint=READY trans=READY render=READY rendered=true cleaned=true retry=0 blocks=6
06-17 11:39:06.313 24611 24946 E TTDBG   : store.collect emit size=2 thread=DefaultDispatcher-worker-37
06-17 11:39:06.314 24611 24924 E TTDBG   : translateSinglePage ENTER pageKey=3.png thread=DefaultDispatcher-worker-17
06-17 11:39:06.576 24611 24946 E TTDBG   : store.collect emit size=3 thread=DefaultDispatcher-worker-37
06-17 11:39:06.835 24611 24922 E TTDBG   : store.collect emit size=3 thread=DefaultDispatcher-worker-15
06-17 11:39:11.077 24611 24924 E TTDBG   : translateSinglePageInternal PERSIST pageKey=3.png ocr=READY inpaint=READY trans=READY render=READY rendered=true cleaned=true retry=0 blocks=2
06-17 11:39:11.318 24611 24954 E TTDBG   : store.collect emit size=3 thread=DefaultDispatcher-worker-10
06-17 11:39:11.320 24611 24924 E TTDBG   : translateSinglePage ENTER pageKey=3.png thread=DefaultDispatcher-worker-17
06-17 11:39:11.555 24611 24946 E TTDBG   : store.collect emit size=3 thread=DefaultDispatcher-worker-37
06-17 11:39:11.846 24611 24954 E TTDBG   : store.collect emit size=3 thread=DefaultDispatcher-worker-10
06-17 11:39:15.954 24611 24791 E TTDBG   : translateSinglePageInternal PERSIST pageKey=3.png ocr=READY inpaint=READY trans=READY render=READY rendered=true cleaned=true retry=0 blocks=2
06-17 11:39:16.220 24611 24924 E TTDBG   : store.collect emit size=3 thread=DefaultDispatcher-worker-17
06-17 11:39:16.220 24611 24791 E TTDBG   : sequential DONE keys=[1.png, 2.png, 3.png] thread=DefaultDispatcher-worker-1
06-17 11:39:16.221 24611 24946 E TTDBG   : translateSinglePage ENTER pageKey=3.png thread=DefaultDispatcher-worker-37
06-17 11:39:16.455 24611 24922 E TTDBG   : store.collect emit size=3 thread=DefaultDispatcher-worker-15
06-17 11:39:16.752 24611 24922 E TTDBG   : store.collect emit size=3 thread=DefaultDispatcher-worker-15
06-17 11:39:20.879 24611 24946 E TTDBG   : translateSinglePageInternal PERSIST pageKey=3.png ocr=READY inpaint=READY trans=READY render=READY rendered=true cleaned=true retry=0 blocks=2
06-17 11:39:21.152 24611 24946 E TTDBG   : sequential DONE keys=[1.png, 2.png, 3.png] thread=DefaultDispatcher-worker-37
06-17 11:39:21.152 24611 24960 E TTDBG   : translateSinglePage ENTER pageKey=4.png thread=DefaultDispatcher-worker-6
06-17 11:39:21.153 24611 24924 E TTDBG   : store.collect emit size=3 thread=DefaultDispatcher-worker-17
06-17 11:39:21.388 24611 24924 E TTDBG   : store.collect emit size=4 thread=DefaultDispatcher-worker-17
06-17 11:39:21.671 24611 24922 E TTDBG   : store.collect emit size=4 thread=DefaultDispatcher-worker-15
06-17 11:39:24.823 24611 24922 E TTDBG   : translateSinglePageInternal PERSIST pageKey=4.png ocr=READY inpaint=READY trans=READY render=READY rendered=true cleaned=true retry=0 blocks=3
06-17 11:39:25.087 24611 24922 E TTDBG   : sequential DONE keys=[3.png, 4.png] thread=DefaultDispatcher-worker-15
06-17 11:39:25.088 24611 24922 E TTDBG   : store.collect emit size=4 thread=DefaultDispatcher-worker-15
